// Jest Snapshot v1, https://goo.gl/fbAQLP

exports[`NotFoundPage component render matches the snapshot 1`] = `
<Fragment>
  404 - 
  <Link
    to="/"
  >
    GO home
  </Link>
</Fragment>
`;
